// Jest Snapshot v1, https://goo.gl/fbAQLP

exports[`Createjob renderLocationControls 1`] = `
<div
  className="create-job"
>
  <textarea
    maxlength="280"
    onChange={[Function]}
    placeholder="What's on your mind?"
    value=""
  />
  <div
    className="controls"
  >
    <button
      onClick={[Function]}
    >
      job
    </button>
    <button
      className="open"
      onClick={[Function]}
    >
      Add location
       
      <i
        className="fa fa-map-o"
      />
    </button>
  </div>
  <div
    className="location-picker"
    style={
      Object {
        "display": "none",
      }
    }
  >
    <div
      className="location-typeahead"
    >
      <i
        className="fa fa-location-arrow"
        onClick={[Function]}
      />
      <input
        onChange={[Function]}
        placeholder="Enter a location..."
        type="text"
        value=""
      />
      <button
        className="open"
        disabled={true}
        onClick={[Function]}
      >
        Select
      </button>
    </div>
    <div
      className="displayMap"
    >
      <div
        className="map"
      />
    </div>
  </div>
</div>
`;

exports[`Createjob snapshot 1`] = `
<div
  className="create-job"
>
  <textarea
    maxlength="280"
    onChange={[Function]}
    placeholder="What's on your mind?"
    value=""
  />
  <div
    className="controls"
  >
    <button
      onClick={[Function]}
    >
      job
    </button>
    <button
      className="open"
      onClick={[Function]}
    >
      Add location
       
      <i
        className="fa fa-map-o"
      />
    </button>
  </div>
  <div
    className="location-picker"
    style={
      Object {
        "display": "none",
      }
    }
  >
    <div
      className="location-typeahead"
    >
      <i
        className="fa fa-location-arrow"
        onClick={[Function]}
      />
      <input
        onChange={[Function]}
        placeholder="Enter a location..."
        type="text"
        value=""
      />
      <button
        className="open"
        disabled={true}
        onClick={[Function]}
      >
        Select
      </button>
    </div>
    <div
      className="displayMap"
    >
      <div
        className="map"
      />
    </div>
  </div>
</div>
`;
